warning: thread support is experimental and incomplete: weak memory effects are not emulated.

Dropping 0
